[gyires.inf.unideb.hu/KMITT/c02/index.html]
[backblue.gif]
[fade.gif]
[index.html]
[gyires.inf.unideb.hu/KMITT/c02/style.css]
[gyires.inf.unideb.hu/KMITT/c02/ch01.html]
[gyires.inf.unideb.hu/KMITT/c02/images/uszt_logo.png]
[gyires.inf.unideb.hu/KMITT/c02/images/kmitt_logo.png]
[gyires.inf.unideb.hu/KMITT/c02/images/mm_logo.png]
[gyires.inf.unideb.hu/KMITT/c02/images/eu_logo.png]
[gyires.inf.unideb.hu/KMITT/c02/ch01s02.html]
[gyires.inf.unideb.hu/KMITT/c02/ch01s03.html]
[gyires.inf.unideb.hu/KMITT/c02/ch01s04.html]
[gyires.inf.unideb.hu/KMITT/c02/ch01s05.html]
[gyires.inf.unideb.hu/KMITT/c02/ch02.html]
[gyires.inf.unideb.hu/KMITT/c02/ch02s02.html]
[gyires.inf.unideb.hu/KMITT/c02/ch02s03.html]
[gyires.inf.unideb.hu/KMITT/c02/ch02s04.html]
[gyires.inf.unideb.hu/KMITT/c02/ch02s05.html]
[gyires.inf.unideb.hu/KMITT/c02/ch02s06.html]
[gyires.inf.unideb.hu/KMITT/c02/ch02s07.html]
[gyires.inf.unideb.hu/KMITT/c02/ch03.html]
[gyires.inf.unideb.hu/KMITT/c02/ch03s02.html]
[gyires.inf.unideb.hu/KMITT/c02/ch04.html]
[gyires.inf.unideb.hu/KMITT/c02/ch04s02.html]
[gyires.inf.unideb.hu/KMITT/c02/ch04s03.html]
[gyires.inf.unideb.hu/KMITT/c02/ch04s04.html]
[gyires.inf.unideb.hu/KMITT/c02/ch05.html]
[gyires.inf.unideb.hu/KMITT/c02/ch05s02.html]
[gyires.inf.unideb.hu/KMITT/c02/ch05s03.html]
[gyires.inf.unideb.hu/KMITT/c02/ch05s04.html]
[gyires.inf.unideb.hu/KMITT/c02/ch06.html]
[gyires.inf.unideb.hu/KMITT/c02/ch06s02.html]
[gyires.inf.unideb.hu/KMITT/c02/ch06s03.html]
[gyires.inf.unideb.hu/KMITT/c02/ch06s04.html]
[gyires.inf.unideb.hu/KMITT/c02/ch07.html]
[gyires.inf.unideb.hu/KMITT/c02/ch07s02.html]
[gyires.inf.unideb.hu/KMITT/c02/ch07s03.html]
[gyires.inf.unideb.hu/KMITT/c02/ch07s04.html]
[gyires.inf.unideb.hu/KMITT/c02/ch07s05.html]
[gyires.inf.unideb.hu/KMITT/c02/ch08.html]
[gyires.inf.unideb.hu/KMITT/c02/ch08s02.html]
[gyires.inf.unideb.hu/KMITT/c02/ch08s03.html]
[gyires.inf.unideb.hu/KMITT/c02/ch08s04.html]
[gyires.inf.unideb.hu/KMITT/c02/ch08s05.html]
[gyires.inf.unideb.hu/KMITT/c02/ch08s06.html]
[gyires.inf.unideb.hu/KMITT/c02/ch09.html]
[gyires.inf.unideb.hu/KMITT/c02/ch09s02.html]
[gyires.inf.unideb.hu/KMITT/c02/ch09s03.html]
[gyires.inf.unideb.hu/KMITT/c02/ch09s04.html]
[gyires.inf.unideb.hu/KMITT/c02/ch10.html]
[gyires.inf.unideb.hu/KMITT/c02/ch10s02.html]
[gyires.inf.unideb.hu/KMITT/c02/ch10s03.html]
[gyires.inf.unideb.hu/KMITT/c02/ch10s04.html]
[gyires.inf.unideb.hu/KMITT/c02/ch11.html]
[gyires.inf.unideb.hu/KMITT/c02/ch11s02.html]
[gyires.inf.unideb.hu/KMITT/c02/ch12.html]
[gyires.inf.unideb.hu/KMITT/c02/ch12s02.html]
[gyires.inf.unideb.hu/KMITT/c02/ch12s03.html]
[gyires.inf.unideb.hu/KMITT/c02/ch12s04.html]
[gyires.inf.unideb.hu/KMITT/c02/ch12s05.html]
[gyires.inf.unideb.hu/KMITT/c02/ch12s06.html]
[gyires.inf.unideb.hu/KMITT/c02/ch12s07.html]
[gyires.inf.unideb.hu/KMITT/c02/ch12s08.html]
[gyires.inf.unideb.hu/KMITT/c02/ch12s09.html]
[gyires.inf.unideb.hu/KMITT/c02/ch13.html]
[gyires.inf.unideb.hu/KMITT/c02/ch13s02.html]
[gyires.inf.unideb.hu/KMITT/c02/ch13s03.html]
[gyires.inf.unideb.hu/KMITT/c02/ch13s04.html]
[gyires.inf.unideb.hu/KMITT/c02/ch13s05.html]
[gyires.inf.unideb.hu/KMITT/c02/ch13s06.html]
[gyires.inf.unideb.hu/KMITT/c02/ch13s07.html]
[gyires.inf.unideb.hu/KMITT/c02/ch13s08.html]
[gyires.inf.unideb.hu/KMITT/c02/ch14.html]
[gyires.inf.unideb.hu/KMITT/c02/ch14s02.html]
[gyires.inf.unideb.hu/KMITT/c02/ch14s03.html]
[gyires.inf.unideb.hu/KMITT/c02/ch14s04.html]
[gyires.inf.unideb.hu/KMITT/c02/ch15.html]
[gyires.inf.unideb.hu/KMITT/c02/ch15s02.html]
[gyires.inf.unideb.hu/KMITT/c02/ch15s03.html]
[gyires.inf.unideb.hu/KMITT/c02/ch15s04.html]
[gyires.inf.unideb.hu/KMITT/c02/ch16.html]
[gyires.inf.unideb.hu/KMITT/c02/ch16s02.html]
[gyires.inf.unideb.hu/KMITT/c02/ch16s03.html]
[gyires.inf.unideb.hu/KMITT/c02/ch16s04.html]
[gyires.inf.unideb.hu/KMITT/c02/ch16s05.html]
[gyires.inf.unideb.hu/KMITT/c02/ch17.html]
[gyires.inf.unideb.hu/KMITT/c02/index.html]
[gyires.inf.unideb.hu/KMITT/c02/bi01.html]
[gyires.inf.unideb.hu/KMITT/c02/style.css]
[gyires.inf.unideb.hu/KMITT/c02/ch01.html]
[gyires.inf.unideb.hu/KMITT/c02/ch01s02.html]
[gyires.inf.unideb.hu/KMITT/c02/ch01s03.html]
[gyires.inf.unideb.hu/KMITT/c02/ch01s04.html]
[gyires.inf.unideb.hu/KMITT/c02/ch01s05.html]
[gyires.inf.unideb.hu/KMITT/c02/images/image1.png]
[gyires.inf.unideb.hu/KMITT/c02/ch02.html]
[gyires.inf.unideb.hu/KMITT/c02/images/image2.png]
[gyires.inf.unideb.hu/KMITT/c02/ch02s02.html]
[gyires.inf.unideb.hu/KMITT/c02/images/image3.png]
[gyires.inf.unideb.hu/KMITT/c02/ch02s03.html]
[gyires.inf.unideb.hu/KMITT/c02/images/image4.png]
[gyires.inf.unideb.hu/KMITT/c02/ch02s04.html]
[gyires.inf.unideb.hu/KMITT/c02/images/image6.png]
[gyires.inf.unideb.hu/KMITT/c02/ch02s05.html]
[gyires.inf.unideb.hu/KMITT/c02/images/image7.png]
[gyires.inf.unideb.hu/KMITT/c02/images/image8.png]
[gyires.inf.unideb.hu/KMITT/c02/ch02s06.html]
[gyires.inf.unideb.hu/KMITT/c02/images/image10.png]
[gyires.inf.unideb.hu/KMITT/c02/ch02s07.html]
[gyires.inf.unideb.hu/KMITT/c02/ch03.html]
[gyires.inf.unideb.hu/KMITT/c02/ch03s02.html]
[gyires.inf.unideb.hu/KMITT/c02/ch04.html]
[gyires.inf.unideb.hu/KMITT/c02/ch04s02.html]
[gyires.inf.unideb.hu/KMITT/c02/images/image11.jpg]
[gyires.inf.unideb.hu/KMITT/c02/ch04s03.html]
[gyires.inf.unideb.hu/KMITT/c02/ch04s04.html]
[gyires.inf.unideb.hu/KMITT/c02/images/image12.png]
[gyires.inf.unideb.hu/KMITT/c02/ch05.html]
[gyires.inf.unideb.hu/KMITT/c02/images/image13.png]
[gyires.inf.unideb.hu/KMITT/c02/ch05s02.html]
[gyires.inf.unideb.hu/KMITT/c02/images/image14.png]
[gyires.inf.unideb.hu/KMITT/c02/images/image15.png]
[gyires.inf.unideb.hu/KMITT/c02/images/image16.png]
[gyires.inf.unideb.hu/KMITT/c02/ch05s03.html]
[gyires.inf.unideb.hu/KMITT/c02/ch05s04.html]
[gyires.inf.unideb.hu/KMITT/c02/images/image17.png]
[gyires.inf.unideb.hu/KMITT/c02/images/image18.png]
[gyires.inf.unideb.hu/KMITT/c02/images/image19.png]
[gyires.inf.unideb.hu/KMITT/c02/images/image20.png]
[gyires.inf.unideb.hu/KMITT/c02/ch06.html]
[gyires.inf.unideb.hu/KMITT/c02/images/image21.png]
[gyires.inf.unideb.hu/KMITT/c02/ch06s02.html]
[gyires.inf.unideb.hu/KMITT/c02/ch06s03.html]
[gyires.inf.unideb.hu/KMITT/c02/ch06s04.html]
[gyires.inf.unideb.hu/KMITT/c02/images/image22.jpg]
[gyires.inf.unideb.hu/KMITT/c02/ch07.html]
[gyires.inf.unideb.hu/KMITT/c02/ch07s02.html]
[gyires.inf.unideb.hu/KMITT/c02/images/image23.png]
[gyires.inf.unideb.hu/KMITT/c02/ch07s03.html]
[gyires.inf.unideb.hu/KMITT/c02/images/image24.png]
[gyires.inf.unideb.hu/KMITT/c02/ch07s04.html]
[gyires.inf.unideb.hu/KMITT/c02/images/image25.png]
[gyires.inf.unideb.hu/KMITT/c02/ch07s05.html]
[gyires.inf.unideb.hu/KMITT/c02/images/image26.jpg]
[gyires.inf.unideb.hu/KMITT/c02/ch08.html]
[gyires.inf.unideb.hu/KMITT/c02/images/image27.jpg]
[gyires.inf.unideb.hu/KMITT/c02/ch08s02.html]
[gyires.inf.unideb.hu/KMITT/c02/images/image28.jpg]
[gyires.inf.unideb.hu/KMITT/c02/images/image29.jpg]
[gyires.inf.unideb.hu/KMITT/c02/images/image30.jpg]
[gyires.inf.unideb.hu/KMITT/c02/images/image31.jpg]
[gyires.inf.unideb.hu/KMITT/c02/images/image32.jpg]
[gyires.inf.unideb.hu/KMITT/c02/images/image33.jpg]
[gyires.inf.unideb.hu/KMITT/c02/ch08s03.html]
[gyires.inf.unideb.hu/KMITT/c02/images/image34.jpg]
[gyires.inf.unideb.hu/KMITT/c02/images/image35.jpg]
[gyires.inf.unideb.hu/KMITT/c02/images/image36.png]
[gyires.inf.unideb.hu/KMITT/c02/images/image37.png]
[gyires.inf.unideb.hu/KMITT/c02/ch08s04.html]
[gyires.inf.unideb.hu/KMITT/c02/images/image38.jpg]
[gyires.inf.unideb.hu/KMITT/c02/images/image39.jpg]
[gyires.inf.unideb.hu/KMITT/c02/ch08s05.html]
[gyires.inf.unideb.hu/KMITT/c02/ch08s06.html]
[gyires.inf.unideb.hu/KMITT/c02/images/image40.jpg]
[gyires.inf.unideb.hu/KMITT/c02/images/image41.jpg]
[gyires.inf.unideb.hu/KMITT/c02/images/image42.jpg]
[gyires.inf.unideb.hu/KMITT/c02/images/image43.jpg]
[gyires.inf.unideb.hu/KMITT/c02/images/image44.jpg]
[gyires.inf.unideb.hu/KMITT/c02/images/image45.jpg]
[gyires.inf.unideb.hu/KMITT/c02/images/image46.jpg]
[gyires.inf.unideb.hu/KMITT/c02/images/image47.jpg]
[gyires.inf.unideb.hu/KMITT/c02/images/image48.jpg]
[gyires.inf.unideb.hu/KMITT/c02/images/image49.jpg]
[gyires.inf.unideb.hu/KMITT/c02/images/image50.jpg]
[gyires.inf.unideb.hu/KMITT/c02/images/image51.jpg]
[gyires.inf.unideb.hu/KMITT/c02/images/image52.jpg]
[gyires.inf.unideb.hu/KMITT/c02/images/image53.jpg]
[gyires.inf.unideb.hu/KMITT/c02/images/image54.jpg]
[gyires.inf.unideb.hu/KMITT/c02/images/image55.jpg]
[gyires.inf.unideb.hu/KMITT/c02/images/image56.jpg]
[gyires.inf.unideb.hu/KMITT/c02/ch09.html]
[gyires.inf.unideb.hu/KMITT/c02/images/image57.jpg]
[gyires.inf.unideb.hu/KMITT/c02/ch09s02.html]
[gyires.inf.unideb.hu/KMITT/c02/images/image58.jpg]
[gyires.inf.unideb.hu/KMITT/c02/ch09s03.html]
[gyires.inf.unideb.hu/KMITT/c02/images/image59.jpg]
[gyires.inf.unideb.hu/KMITT/c02/ch09s04.html]
[gyires.inf.unideb.hu/KMITT/c02/images/image60.jpg]
[gyires.inf.unideb.hu/KMITT/c02/images/image61.jpg]
[gyires.inf.unideb.hu/KMITT/c02/ch10.html]
[gyires.inf.unideb.hu/KMITT/c02/images/image62.jpg]
[gyires.inf.unideb.hu/KMITT/c02/images/image63.jpg]
[gyires.inf.unideb.hu/KMITT/c02/images/image64.jpg]
[gyires.inf.unideb.hu/KMITT/c02/images/image65.jpg]
[gyires.inf.unideb.hu/KMITT/c02/ch10s02.html]
[gyires.inf.unideb.hu/KMITT/c02/images/image66.jpg]
[gyires.inf.unideb.hu/KMITT/c02/images/image67.jpg]
[gyires.inf.unideb.hu/KMITT/c02/images/image68.jpg]
[gyires.inf.unideb.hu/KMITT/c02/images/image69.jpg]
[gyires.inf.unideb.hu/KMITT/c02/ch10s03.html]
[gyires.inf.unideb.hu/KMITT/c02/images/image70.jpg]
[gyires.inf.unideb.hu/KMITT/c02/images/image71.jpg]
[gyires.inf.unideb.hu/KMITT/c02/images/image72.jpg]
[gyires.inf.unideb.hu/KMITT/c02/images/image73.jpg]
[gyires.inf.unideb.hu/KMITT/c02/images/image74.jpg]
[gyires.inf.unideb.hu/KMITT/c02/images/image75.jpg]
[gyires.inf.unideb.hu/KMITT/c02/images/image76.jpg]
[gyires.inf.unideb.hu/KMITT/c02/ch10s04.html]
[gyires.inf.unideb.hu/KMITT/c02/images/image77.jpg]
[gyires.inf.unideb.hu/KMITT/c02/images/image78.jpg]
[gyires.inf.unideb.hu/KMITT/c02/images/image79.jpg]
[gyires.inf.unideb.hu/KMITT/c02/images/image80.jpg]
[gyires.inf.unideb.hu/KMITT/c02/images/image81.jpg]
[gyires.inf.unideb.hu/KMITT/c02/ch11.html]
[gyires.inf.unideb.hu/KMITT/c02/ch11s02.html]
[gyires.inf.unideb.hu/KMITT/c02/ch12.html]
[gyires.inf.unideb.hu/KMITT/c02/ch12s02.html]
[gyires.inf.unideb.hu/KMITT/c02/ch12s03.html]
[gyires.inf.unideb.hu/KMITT/c02/ch12s04.html]
[gyires.inf.unideb.hu/KMITT/c02/ch12s05.html]
[gyires.inf.unideb.hu/KMITT/c02/ch12s06.html]
[gyires.inf.unideb.hu/KMITT/c02/ch12s07.html]
[gyires.inf.unideb.hu/KMITT/c02/ch12s08.html]
[gyires.inf.unideb.hu/KMITT/c02/ch12s09.html]
[gyires.inf.unideb.hu/KMITT/c02/ch13.html]
[gyires.inf.unideb.hu/KMITT/c02/ch13s02.html]
[gyires.inf.unideb.hu/KMITT/c02/ch13s03.html]
[gyires.inf.unideb.hu/KMITT/c02/ch13s04.html]
[gyires.inf.unideb.hu/KMITT/c02/ch13s05.html]
[gyires.inf.unideb.hu/KMITT/c02/ch13s06.html]
[gyires.inf.unideb.hu/KMITT/c02/ch13s07.html]
[gyires.inf.unideb.hu/KMITT/c02/ch13s08.html]
[gyires.inf.unideb.hu/KMITT/c02/ch14.html]
[gyires.inf.unideb.hu/KMITT/c02/images/prototype.png]
[gyires.inf.unideb.hu/KMITT/c02/images/singleton.png]
[gyires.inf.unideb.hu/KMITT/c02/images/builder.png]
[gyires.inf.unideb.hu/KMITT/c02/images/abstractfactory.png]
[gyires.inf.unideb.hu/KMITT/c02/ch14s02.html]
[gyires.inf.unideb.hu/KMITT/c02/images/adapter.png]
[gyires.inf.unideb.hu/KMITT/c02/images/bridge.png]
[gyires.inf.unideb.hu/KMITT/c02/images/composite.png]
[gyires.inf.unideb.hu/KMITT/c02/images/decorator.png]
[gyires.inf.unideb.hu/KMITT/c02/ch14s03.html]
[gyires.inf.unideb.hu/KMITT/c02/images/facade.png]
[gyires.inf.unideb.hu/KMITT/c02/images/command.png]
[gyires.inf.unideb.hu/KMITT/c02/images/observer.png]
[gyires.inf.unideb.hu/KMITT/c02/images/mediator.png]
[gyires.inf.unideb.hu/KMITT/c02/images/iterator.png]
[gyires.inf.unideb.hu/KMITT/c02/images/chainofresposibility.png]
[gyires.inf.unideb.hu/KMITT/c02/ch14s04.html]
[gyires.inf.unideb.hu/KMITT/c02/images/image82.png]
[gyires.inf.unideb.hu/KMITT/c02/images/image83.png]
[gyires.inf.unideb.hu/KMITT/c02/ch15.html]
[gyires.inf.unideb.hu/KMITT/c02/ch15s02.html]
[gyires.inf.unideb.hu/KMITT/c02/ch15s03.html]
[gyires.inf.unideb.hu/KMITT/c02/ch15s04.html]
[gyires.inf.unideb.hu/KMITT/c02/ch16.html]
[gyires.inf.unideb.hu/KMITT/c02/images/fig6rtsystemeditorview_en.png]
[gyires.inf.unideb.hu/KMITT/c02/images/hasznalati_esetek.png]
[gyires.inf.unideb.hu/KMITT/c02/ch16s02.html]
[gyires.inf.unideb.hu/KMITT/c02/images/redszer_strukturaja.png]
[gyires.inf.unideb.hu/KMITT/c02/ch16s03.html]
[gyires.inf.unideb.hu/KMITT/c02/images/openrtmext.png]
[gyires.inf.unideb.hu/KMITT/c02/images/szerver_alkalmazas_felepitese.png]
[gyires.inf.unideb.hu/KMITT/c02/images/logika_reszletei.png]
[gyires.inf.unideb.hu/KMITT/c02/ch16s04.html]
[gyires.inf.unideb.hu/KMITT/c02/images/felhasznalo_bejelentkezese.png]
[gyires.inf.unideb.hu/KMITT/c02/ch16s05.html]
[gyires.inf.unideb.hu/KMITT/c02/ch17.html]
[gyires.inf.unideb.hu/KMITT/c02/bi01.html]
[gyires.inf.unideb.hu/system/docbook-xsl/images/tip.html]
[gyires.inf.unideb.hu/KMITT/c02/media/evolucios_anim.html]
[gyires.inf.unideb.hu/KMITT/c02/media/hvrmodell.html]
[gyires.inf.unideb.hu/KMITT/c02/media/inkrement.html]
[gyires.inf.unideb.hu/KMITT/c02/media/kov_doc.html]
[gyires.inf.unideb.hu/KMITT/c02/media/merfoldko.html]
[gyires.inf.unideb.hu/KMITT/c02/media/proj_terv.html]
[gyires.inf.unideb.hu/KMITT/c02/media/reteges.html]
[gyires.inf.unideb.hu/KMITT/c02/media/tesztelesi_folyamat.html]
